---
source: tests/golden_tests.rs
input_file: examples/bitonic_sort.bend
---
16760832
