---
source: tests/golden_tests.rs
input_file: tests/golden_tests/run_file/open.bend
---
{Î»a (a 1 2) 1}
