---
source: tests/golden_tests.rs
input_file: tests/golden_tests/run_file/open_object.bend
---
1
